> Task :app:clean
> Task :app:preBuild UP-TO-DATE
> Task :app:preDebugBuild UP-TO-DATE
> Task :app:mergeDebugNativeDebugMetadata NO-SOURCE
> Task :app:dataBindingMergeDependencyArtifactsDebug
> Task :app:generateDebugResValues
> Task :app:generateDebugResources
> Task :app:processDebugGoogleServices
> Task :app:mergeDebugResources
> Task :app:packageDebugResources
> Task :app:mapDebugSourceSetPaths
> Task :app:createDebugCompatibleScreenManifests
> Task :app:extractDeepLinksDebug
> Task :app:checkDebugAarMetadata
> Task :app:processDebugMainManifest
> Task :app:processDebugManifest
> Task :app:parseDebugLocalResources
> Task :app:javaPreCompileDebug
> Task :app:mergeDebugShaders
> Task :app:dataBindingGenBaseClassesDebug
> Task :app:compileDebugShaders NO-SOURCE
> Task :app:generateDebugAssets UP-TO-DATE
> Task :app:mergeDebugAssets
> Task :app:compressDebugAssets
> Task :app:desugarDebugFileDependencies
> Task :app:mergeDebugJniLibFolders
> Task :app:mergeDebugNativeLibs NO-SOURCE
> Task :app:stripDebugDebugSymbols NO-SOURCE
> Task :app:validateSigningDebug
> Task :app:writeDebugAppMetadata
> Task :app:writeDebugSigningConfigVersions
> Task :app:processDebugManifestForPackage
> Task :app:checkDebugDuplicateClasses
> Task :app:mergeLibDexDebug
> Task :app:mergeExtDexDebug
> Task :app:processDebugResources

> Task :app:compileDebugKotlin FAILED
.\gradlew : e: file:///C:/Users/63915/AndroidStudioProjects/PickGo/app/src/main/java/com/example/pickgo/activities/seller/SellerDashboardActivity.kt:68:22 Unresolved reference: 
nav_analytics
At line:1 char:49
+ ... roidStudioProjects\PickGo; .\gradlew clean assembleDebug 2>&1 | Out-F ...
+                                ~~~~~~~~~~~~~~~~~~~~~~~~~~~~~~~~~~
    + CategoryInfo          : NotSpecified: (e: file:///C:/U...: nav_analytics:String) [], RemoteException
    + FullyQualifiedErrorId : NativeCommandError
 

FAILURE: Build failed with an exception.

* What went wrong:
Execution failed for task ':app:compileDebugKotlin'.
> A failure occurred while executing org.jetbrains.kotlin.compilerRunner.GradleCompilerRunnerWithWorkers$GradleKotlinCompilerWorkAction
   > Compilation error. See log for more details

* Try:
> Run with --stacktrace option to get the stack trace.
> Run with --info or --debug option to get more log output.
> Run with --scan to get full insights.
> Get more help at https://help.gradle.org.

BUILD FAILED in 40s
30 actionable tasks: 30 executed
